PASS  / @320 가로 넘침 없음 — scrollWidth-innerWidth=0
PASS  / @320 콘솔 오류 0
PASS  / @390 가로 넘침 없음 — scrollWidth-innerWidth=0
PASS  / @390 콘솔 오류 0
PASS  / <html lang="ko"> — 실제 ko
PASS  / canonical 1개 = 자기 자신 — ["http://localhost:3000"]
PASS  / hreflang ko·en·x-default — {"ko":"http://localhost:3000","en":"http://localhost:3000/en","x-default":"http://localhost:3000"}
PASS  / 헤더 전환 → /en — /en lang=en hreflang=en
PASS  / 헤더 현재 언어 표시 — 한국어
PASS  / 플로팅 배너 표시
PASS  / 배너 여백 클래스 유지
PASS  / 전환 클릭 → /en (lang=en) — {"path":"/en","lang":"en"}
PASS  / @1280 가로 넘침 없음 — scrollWidth-innerWidth=0
PASS  / @1280 콘솔 오류 0
PASS  /post/2026-09-29-nowandhere-defense-minister-nk-responsibility @320 가로 넘침 없음 — scrollWidth-innerWidth=0
PASS  /post/2026-09-29-nowandhere-defense-minister-nk-responsibility @320 콘솔 오류 0
PASS  /post/2026-09-29-nowandhere-defense-minister-nk-responsibility @390 가로 넘침 없음 — scrollWidth-innerWidth=0
PASS  /post/2026-09-29-nowandhere-defense-minister-nk-responsibility @390 콘솔 오류 0
PASS  /post/2026-09-29-nowandhere-defense-minister-nk-responsibility <html lang="ko"> — 실제 ko
PASS  /post/2026-09-29-nowandhere-defense-minister-nk-responsibility canonical 1개 = 자기 자신 — ["http://localhost:3000/post/2026-09-29-nowandhere-defense-minister-nk-responsibility"]
PASS  /post/2026-09-29-nowandhere-defense-minister-nk-responsibility hreflang ko·en·x-default — {"ko":"http://localhost:3000/post/2026-09-29-nowandhere-defense-minister-nk-responsibility","en":"http://localhost:3000/en/post/2026-09-29-nowandhere-defense-minister-nk-responsibility","x-default":"http://localhost:3000/post/2026-09-29-nowandhere-defense-minister-nk-responsibility"}
PASS  /post/2026-09-29-nowandhere-defense-minister-nk-responsibility 헤더 전환 → /en/post/2026-09-29-nowandhere-defense-minister-nk-responsibility — /en/post/2026-09-29-nowandhere-defense-minister-nk-responsibility lang=en hreflang=en
PASS  /post/2026-09-29-nowandhere-defense-minister-nk-responsibility 헤더 현재 언어 표시 — 한국어
PASS  /post/2026-09-29-nowandhere-defense-minister-nk-responsibility 상세 "Read in English" 링크 — {"text":"Read in English","href":"/en/post/2026-09-29-nowandhere-defense-minister-nk-responsibility","lang":"en"}
PASS  /post/2026-09-29-nowandhere-defense-minister-nk-responsibility 플로팅 배너 표시
PASS  /post/2026-09-29-nowandhere-defense-minister-nk-responsibility 배너 여백 클래스 유지
PASS  /post/2026-09-29-nowandhere-defense-minister-nk-responsibility 전환 클릭 → /en/post/2026-09-29-nowandhere-defense-minister-nk-responsibility (lang=en) — {"path":"/en/post/2026-09-29-nowandhere-defense-minister-nk-responsibility","lang":"en"}
PASS  /post/2026-09-29-nowandhere-defense-minister-nk-responsibility @1280 가로 넘침 없음 — scrollWidth-innerWidth=0
PASS  /post/2026-09-29-nowandhere-defense-minister-nk-responsibility @1280 콘솔 오류 0
PASS  /post/2026-09-29-shindawit-cxmt-samsung-threat @320 가로 넘침 없음 — scrollWidth-innerWidth=0
PASS  /post/2026-09-29-shindawit-cxmt-samsung-threat @320 콘솔 오류 0
PASS  /post/2026-09-29-shindawit-cxmt-samsung-threat @390 가로 넘침 없음 — scrollWidth-innerWidth=0
PASS  /post/2026-09-29-shindawit-cxmt-samsung-threat @390 콘솔 오류 0
PASS  /post/2026-09-29-shindawit-cxmt-samsung-threat <html lang="ko"> — 실제 ko
PASS  /post/2026-09-29-shindawit-cxmt-samsung-threat canonical 1개 = 자기 자신 — ["http://localhost:3000/post/2026-09-29-shindawit-cxmt-samsung-threat"]
PASS  /post/2026-09-29-shindawit-cxmt-samsung-threat hreflang 없음(짝 없음) — {}
PASS  /post/2026-09-29-shindawit-cxmt-samsung-threat 헤더 전환 → /en — /en lang=en hreflang=en
PASS  /post/2026-09-29-shindawit-cxmt-samsung-threat 헤더 현재 언어 표시 — 한국어
PASS  /post/2026-09-29-shindawit-cxmt-samsung-threat 영어본 없으니 Read in English 없음 — null
PASS  /post/2026-09-29-shindawit-cxmt-samsung-threat 플로팅 배너 표시
PASS  /post/2026-09-29-shindawit-cxmt-samsung-threat 배너 여백 클래스 유지
PASS  /post/2026-09-29-shindawit-cxmt-samsung-threat 전환 클릭 → /en (lang=en) — {"path":"/en","lang":"en"}
PASS  /post/2026-09-29-shindawit-cxmt-samsung-threat @1280 가로 넘침 없음 — scrollWidth-innerWidth=0
PASS  /post/2026-09-29-shindawit-cxmt-samsung-threat @1280 콘솔 오류 0
PASS  /about @320 가로 넘침 없음 — scrollWidth-innerWidth=0
PASS  /about @320 콘솔 오류 0
PASS  /about @390 가로 넘침 없음 — scrollWidth-innerWidth=0
PASS  /about @390 콘솔 오류 0
PASS  /about <html lang="ko"> — 실제 ko
PASS  /about canonical 1개 = 자기 자신 — ["http://localhost:3000/about"]
PASS  /about hreflang ko·en·x-default — {"ko":"http://localhost:3000/about","en":"http://localhost:3000/en/about","x-default":"http://localhost:3000/about"}
PASS  /about 헤더 전환 → /en/about — /en/about lang=en hreflang=en
PASS  /about 헤더 현재 언어 표시 — 한국어
PASS  /about 플로팅 배너 표시
PASS  /about 배너 여백 클래스 유지
PASS  /about 전환 클릭 → /en/about (lang=en) — {"path":"/en/about","lang":"en"}
PASS  /about @1280 가로 넘침 없음 — scrollWidth-innerWidth=0
PASS  /about @1280 콘솔 오류 0
PASS  /tag/dmz @320 가로 넘침 없음 — scrollWidth-innerWidth=0
PASS  /tag/dmz @320 콘솔 오류 0
PASS  /tag/dmz @390 가로 넘침 없음 — scrollWidth-innerWidth=0
PASS  /tag/dmz @390 콘솔 오류 0
PASS  /tag/dmz <html lang="ko"> — 실제 ko
PASS  /tag/dmz canonical 1개 = 자기 자신 — ["http://localhost:3000/tag/dmz"]
PASS  /tag/dmz hreflang 없음(짝 없음) — {}
PASS  /tag/dmz 헤더 전환 → /en — /en lang=en hreflang=en
PASS  /tag/dmz 헤더 현재 언어 표시 — 한국어
PASS  /tag/dmz 플로팅 배너 표시
PASS  /tag/dmz 배너 여백 클래스 유지
PASS  /tag/dmz 전환 클릭 → /en (lang=en) — {"path":"/en","lang":"en"}
PASS  /tag/dmz @1280 가로 넘침 없음 — scrollWidth-innerWidth=0
PASS  /tag/dmz @1280 콘솔 오류 0
PASS  /en @320 가로 넘침 없음 — scrollWidth-innerWidth=0
PASS  /en @320 콘솔 오류 0
PASS  /en @390 가로 넘침 없음 — scrollWidth-innerWidth=0
PASS  /en @390 콘솔 오류 0
PASS  /en <html lang="en"> — 실제 en
PASS  /en canonical 1개 = 자기 자신 — ["http://localhost:3000/en"]
PASS  /en hreflang ko·en·x-default — {"ko":"http://localhost:3000","en":"http://localhost:3000/en","x-default":"http://localhost:3000"}
PASS  /en 헤더 전환 → / — / lang=ko hreflang=ko
PASS  /en 헤더 현재 언어 표시 — English
PASS  /en 플로팅 배너 미표시
PASS  /en 배너 여백 없음 — null / mx-auto w-full max-w-6xl flex-1 px-4 py-8 / mt-16 border-t bg-surface
PASS  /en 태그 칩·태그 링크 없음 — tag links 0
PASS  /en 전환 클릭 → / (lang=ko) — {"path":"/","lang":"ko"}
PASS  /en @1280 가로 넘침 없음 — scrollWidth-innerWidth=0
PASS  /en @1280 콘솔 오류 0
PASS  /en?page=2 @320 가로 넘침 없음 — scrollWidth-innerWidth=0
PASS  /en?page=2 @320 콘솔 오류 0
PASS  /en?page=2 @390 가로 넘침 없음 — scrollWidth-innerWidth=0
PASS  /en?page=2 @390 콘솔 오류 0
PASS  /en?page=2 <html lang="en"> — 실제 en
PASS  /en?page=2 canonical 1개 = 자기 자신 — ["http://localhost:3000/en?page=2"]
PASS  /en?page=2 hreflang 없음(짝 없음) — {}
PASS  /en?page=2 헤더 전환 → / — / lang=ko hreflang=ko
PASS  /en?page=2 헤더 현재 언어 표시 — English
PASS  /en?page=2 플로팅 배너 미표시
PASS  /en?page=2 배너 여백 없음 — null / mx-auto w-full max-w-6xl flex-1 px-4 py-8 / mt-16 border-t bg-surface
PASS  /en?page=2 태그 칩·태그 링크 없음 — tag links 0
PASS  /en?page=2 전환 클릭 → / (lang=ko) — {"path":"/","lang":"ko"}
PASS  /en?page=2 @1280 가로 넘침 없음 — scrollWidth-innerWidth=0
PASS  /en?page=2 @1280 콘솔 오류 0
PASS  /en?page=11 @320 가로 넘침 없음 — scrollWidth-innerWidth=0
PASS  /en?page=11 @320 콘솔 오류 0
PASS  /en?page=11 @390 가로 넘침 없음 — scrollWidth-innerWidth=0
PASS  /en?page=11 @390 콘솔 오류 0
PASS  /en?page=11 <html lang="en"> — 실제 en
PASS  /en?page=11 canonical 1개 = 자기 자신 — ["http://localhost:3000/en?page=11"]
PASS  /en?page=11 hreflang 없음(짝 없음) — {}
PASS  /en?page=11 헤더 전환 → / — / lang=ko hreflang=ko
PASS  /en?page=11 헤더 현재 언어 표시 — English
PASS  /en?page=11 플로팅 배너 미표시
PASS  /en?page=11 배너 여백 없음 — null / mx-auto w-full max-w-6xl flex-1 px-4 py-8 / mt-16 border-t bg-surface
PASS  /en?page=11 태그 칩·태그 링크 없음 — tag links 0
PASS  /en?page=11 전환 클릭 → / (lang=ko) — {"path":"/","lang":"ko"}
PASS  /en?page=11 @1280 가로 넘침 없음 — scrollWidth-innerWidth=0
PASS  /en?page=11 @1280 콘솔 오류 0
PASS  /en/post/2026-09-29-nowandhere-defense-minister-nk-responsibility @320 가로 넘침 없음 — scrollWidth-innerWidth=0
PASS  /en/post/2026-09-29-nowandhere-defense-minister-nk-responsibility @320 콘솔 오류 0
PASS  /en/post/2026-09-29-nowandhere-defense-minister-nk-responsibility @390 가로 넘침 없음 — scrollWidth-innerWidth=0
PASS  /en/post/2026-09-29-nowandhere-defense-minister-nk-responsibility @390 콘솔 오류 0
PASS  /en/post/2026-09-29-nowandhere-defense-minister-nk-responsibility <html lang="en"> — 실제 en
PASS  /en/post/2026-09-29-nowandhere-defense-minister-nk-responsibility canonical 1개 = 자기 자신 — ["http://localhost:3000/en/post/2026-09-29-nowandhere-defense-minister-nk-responsibility"]
PASS  /en/post/2026-09-29-nowandhere-defense-minister-nk-responsibility hreflang ko·en·x-default — {"ko":"http://localhost:3000/post/2026-09-29-nowandhere-defense-minister-nk-responsibility","en":"http://localhost:3000/en/post/2026-09-29-nowandhere-defense-minister-nk-responsibility","x-default":"http://localhost:3000/post/2026-09-29-nowandhere-defense-minister-nk-responsibility"}
PASS  /en/post/2026-09-29-nowandhere-defense-minister-nk-responsibility 헤더 전환 → /post/2026-09-29-nowandhere-defense-minister-nk-responsibility — /post/2026-09-29-nowandhere-defense-minister-nk-responsibility lang=ko hreflang=ko
PASS  /en/post/2026-09-29-nowandhere-defense-minister-nk-responsibility 헤더 현재 언어 표시 — English
PASS  /en/post/2026-09-29-nowandhere-defense-minister-nk-responsibility 상세 "한국어 원문 보기" 링크 — {"text":"한국어 원문 보기","href":"/post/2026-09-29-nowandhere-defense-minister-nk-responsibility","lang":"ko"}
PASS  /en/post/2026-09-29-nowandhere-defense-minister-nk-responsibility 플로팅 배너 미표시
PASS  /en/post/2026-09-29-nowandhere-defense-minister-nk-responsibility 배너 여백 없음 — null / mx-auto w-full max-w-6xl flex-1 px-4 py-8 / mt-16 border-t bg-surface
PASS  /en/post/2026-09-29-nowandhere-defense-minister-nk-responsibility 태그 칩·태그 링크 없음 — tag links 0
PASS  /en/post/2026-09-29-nowandhere-defense-minister-nk-responsibility "Sources are in Korean." 안내 — ["Sources are in Korean."]
PASS  /en/post/2026-09-29-nowandhere-defense-minister-nk-responsibility 전환 클릭 → /post/2026-09-29-nowandhere-defense-minister-nk-responsibility (lang=ko) — {"path":"/post/2026-09-29-nowandhere-defense-minister-nk-responsibility","lang":"ko"}
PASS  /en/post/2026-09-29-nowandhere-defense-minister-nk-responsibility @1280 가로 넘침 없음 — scrollWidth-innerWidth=0
PASS  /en/post/2026-09-29-nowandhere-defense-minister-nk-responsibility @1280 콘솔 오류 0
PASS  /en/about @320 가로 넘침 없음 — scrollWidth-innerWidth=0
PASS  /en/about @320 콘솔 오류 0
PASS  /en/about @390 가로 넘침 없음 — scrollWidth-innerWidth=0
PASS  /en/about @390 콘솔 오류 0
PASS  /en/about <html lang="en"> — 실제 en
PASS  /en/about canonical 1개 = 자기 자신 — ["http://localhost:3000/en/about"]
PASS  /en/about hreflang ko·en·x-default — {"ko":"http://localhost:3000/about","en":"http://localhost:3000/en/about","x-default":"http://localhost:3000/about"}
PASS  /en/about 헤더 전환 → /about — /about lang=ko hreflang=ko
PASS  /en/about 헤더 현재 언어 표시 — English
PASS  /en/about 플로팅 배너 미표시
PASS  /en/about 배너 여백 없음 — null / mx-auto w-full max-w-6xl flex-1 px-4 py-8 / mt-16 border-t bg-surface
PASS  /en/about 태그 칩·태그 링크 없음 — tag links 0
PASS  /en/about 전환 클릭 → /about (lang=ko) — {"path":"/about","lang":"ko"}
PASS  /en/about @1280 가로 넘침 없음 — scrollWidth-innerWidth=0
PASS  /en/about @1280 콘솔 오류 0
PASS  피드 p1 카드 수 동일(12) — ko 12 · en 12
PASS  피드 p1 id 순서 동일
PASS  피드 p1 영어 안내 1회 — 1
PASS  피드 p1 한국어 페이지 안내·Korean only 없음
PASS  피드 p1 한국어 카드 lang·hreflang 없음·/post/
PASS  피드 p1 카드별 링크·lang·표시 12장
PASS  피드 p2 카드 수 동일(12) — ko 12 · en 12
PASS  피드 p2 id 순서 동일
PASS  피드 p2 영어 안내 1회 — 1
PASS  피드 p2 한국어 페이지 안내·Korean only 없음
PASS  피드 p2 한국어 카드 lang·hreflang 없음·/post/
PASS  피드 p2 카드별 링크·lang·표시 12장
PASS  피드 p3 카드 수 동일(12) — ko 12 · en 12
PASS  피드 p3 id 순서 동일
PASS  피드 p3 영어 안내 1회 — 1
PASS  피드 p3 한국어 페이지 안내·Korean only 없음
PASS  피드 p3 한국어 카드 lang·hreflang 없음·/post/
PASS  피드 p3 카드별 링크·lang·표시 12장
PASS  피드 p4 카드 수 동일(12) — ko 12 · en 12
PASS  피드 p4 id 순서 동일
PASS  피드 p4 영어 안내 1회 — 1
PASS  피드 p4 한국어 페이지 안내·Korean only 없음
PASS  피드 p4 한국어 카드 lang·hreflang 없음·/post/
PASS  피드 p4 카드별 링크·lang·표시 12장
PASS  피드 p5 카드 수 동일(12) — ko 12 · en 12
PASS  피드 p5 id 순서 동일
PASS  피드 p5 영어 안내 1회 — 1
PASS  피드 p5 한국어 페이지 안내·Korean only 없음
PASS  피드 p5 한국어 카드 lang·hreflang 없음·/post/
PASS  피드 p5 카드별 링크·lang·표시 12장
PASS  피드 p6 카드 수 동일(12) — ko 12 · en 12
PASS  피드 p6 id 순서 동일
PASS  피드 p6 영어 안내 1회 — 1
PASS  피드 p6 한국어 페이지 안내·Korean only 없음
PASS  피드 p6 한국어 카드 lang·hreflang 없음·/post/
PASS  피드 p6 카드별 링크·lang·표시 12장
PASS  피드 p7 카드 수 동일(12) — ko 12 · en 12
PASS  피드 p7 id 순서 동일
PASS  피드 p7 영어 안내 1회 — 1
PASS  피드 p7 한국어 페이지 안내·Korean only 없음
PASS  피드 p7 한국어 카드 lang·hreflang 없음·/post/
PASS  피드 p7 카드별 링크·lang·표시 12장
PASS  피드 p8 카드 수 동일(12) — ko 12 · en 12
PASS  피드 p8 id 순서 동일
PASS  피드 p8 영어 안내 1회 — 1
PASS  피드 p8 한국어 페이지 안내·Korean only 없음
PASS  피드 p8 한국어 카드 lang·hreflang 없음·/post/
PASS  피드 p8 카드별 링크·lang·표시 12장
PASS  피드 p9 카드 수 동일(12) — ko 12 · en 12
PASS  피드 p9 id 순서 동일
PASS  피드 p9 영어 안내 1회 — 1
PASS  피드 p9 한국어 페이지 안내·Korean only 없음
PASS  피드 p9 한국어 카드 lang·hreflang 없음·/post/
PASS  피드 p9 카드별 링크·lang·표시 12장
PASS  피드 p10 카드 수 동일(12) — ko 12 · en 12
PASS  피드 p10 id 순서 동일
PASS  피드 p10 영어 안내 1회 — 1
PASS  피드 p10 한국어 페이지 안내·Korean only 없음
PASS  피드 p10 한국어 카드 lang·hreflang 없음·/post/
PASS  피드 p10 카드별 링크·lang·표시 12장
PASS  피드 p11 카드 수 동일(9) — ko 9 · en 9
PASS  피드 p11 id 순서 동일
PASS  피드 p11 영어 안내 1회 — 1
PASS  피드 p11 한국어 페이지 안내·Korean only 없음
PASS  피드 p11 한국어 카드 lang·hreflang 없음·/post/
PASS  피드 p11 카드별 링크·lang·표시 9장
피드 카드 대조: 11페이지 · 영어 카드 129장(Korean only 123 · 영어본 6) · 한국어 게시물 129 · 영어본 6
PASS  피드 카드 합계 = 한국어 게시물 수 — 129 / 129
PASS  클릭 /en koreanOnly 카드 있음 — {"href":"/post/2026-09-29-2pro-prosecution-sign-removal-cost","position":1,"events":[],"gtag":"undefined"}
PASS  클릭 /en koreanOnly 도착 /post/2026-09-29-2pro-prosecution-sign-removal-cost (lang=ko) — {"path":"/post/2026-09-29-2pro-prosecution-sign-removal-cost","lang":"ko"}
PASS  클릭 /en translated 카드 있음 — {"href":"/en/post/2026-09-29-finf-jcs-terrain-change-year","position":2,"events":[],"gtag":"undefined"}
PASS  클릭 /en translated 도착 /en/post/2026-09-29-finf-jcs-terrain-change-year (lang=en) — {"path":"/en/post/2026-09-29-finf-jcs-terrain-change-year","lang":"en"}
PASS  클릭 / any 카드 있음 — {"href":"/post/2026-09-29-2pro-prosecution-sign-removal-cost","position":1,"events":[],"gtag":"undefined"}
PASS  클릭 / any 도착 /post/2026-09-29-2pro-prosecution-sign-removal-cost (lang=ko) — {"path":"/post/2026-09-29-2pro-prosecution-sign-removal-cost","lang":"ko"}
SKIP  GA payload 검사 — 이 빌드는 측정 ID가 없어 trackEvent가 no-op이다(`ga` 모드를 측정 ID 넣은 빌드에 따로 실행)
PASS  HTTP /en/post/2026-09-29-shindawit-cxmt-samsung-threat → 404 — 실제 404
PASS  HTTP /en/post/2026-09-29-shindawit-cxmt-samsung-threat 404 문서 lang=ko·안내 문구
PASS  HTTP /en/post/2026-09-29-shindawit-cxmt-samsung-threat robots에 index, follow 없음 — ["noindex","noindex, follow"]
PASS  HTTP /en/post/no-such-id → 404 — 실제 404
PASS  HTTP /en/post/no-such-id 404 문서 lang=ko·안내 문구
PASS  HTTP /en/post/no-such-id robots에 index, follow 없음 — ["noindex","noindex, follow"]
PASS  HTTP /en/post/2026-09-29-nowandhere-defense-minister-nk-responsibility → 200 — 실제 200
PASS  HTTP /en → 200 — 실제 200
PASS  HTTP /en/about → 200 — 실제 200
PASS  HTTP /en?page=1 → 200 — 실제 200
PASS  HTTP /en?page=11 → 200 — 실제 200
PASS  HTTP /en?page=12 → 404 — 실제 404
PASS  HTTP /en?page=12 robots에 index, follow 없음 — ["noindex","noindex, follow"]
PASS  HTTP /post/2026-09-29-shindawit-cxmt-samsung-threat → 200 — 실제 200
PASS  HTTP /post/2026-09-29-nowandhere-defense-minister-nk-responsibility → 200 — 실제 200

검사 237개 · 통과 237 · 실패 0
