SAME  /?page=1  기준 200 · 작업 200 | 작업 lang=ko robots=[index, follow] 사이트404문구=ko | 기준 robots=[index, follow]
SAME  /?page=11  기준 200 · 작업 200 | 작업 lang=ko robots=[index, follow] 사이트404문구=ko | 기준 robots=[index, follow]
SAME  /?page=12  기준 404 · 작업 404 | 작업 lang=- robots=[noindex + noindex, follow] 사이트404문구=ko | 기준 robots=[noindex + index, follow]
SAME  /?page=999  기준 404 · 작업 404 | 작업 lang=- robots=[noindex + noindex, follow] 사이트404문구=ko | 기준 robots=[noindex + index, follow]
SAME  /?page=0  기준 200 · 작업 200 | 작업 lang=ko robots=[index, follow] 사이트404문구=ko | 기준 robots=[index, follow]
SAME  /?page=-1  기준 200 · 작업 200 | 작업 lang=ko robots=[index, follow] 사이트404문구=ko | 기준 robots=[index, follow]
SAME  /?page=abc  기준 200 · 작업 200 | 작업 lang=ko robots=[index, follow] 사이트404문구=ko | 기준 robots=[index, follow]
SAME  /?page=2.5  기준 200 · 작업 200 | 작업 lang=ko robots=[index, follow] 사이트404문구=ko | 기준 robots=[index, follow]
SAME  /tag/dmz?page=99  기준 404 · 작업 404 | 작업 lang=- robots=[noindex + noindex, follow] 사이트404문구=ko | 기준 robots=[noindex + index, follow]
SAME  /tag/25사단?page=2  기준 200 · 작업 200 | 작업 lang=ko robots=[index, follow] 사이트404문구=ko | 기준 robots=[index, follow]
SAME  /tag/25사단?page=3  기준 404 · 작업 404 | 작업 lang=- robots=[noindex + noindex, follow] 사이트404문구=ko | 기준 robots=[noindex + index, follow]
SAME  /tag/no-such-tag  기준 404 · 작업 404 | 작업 lang=ko robots=[noindex + noindex, follow] 사이트404문구=ko+en | 기준 robots=[noindex + noindex, follow]
SAME  /tag/no-such-tag?page=2  기준 404 · 작업 404 | 작업 lang=- robots=[noindex + noindex, follow] 사이트404문구=ko | 기준 robots=[noindex + index, follow]
SAME  /en?page=1  기준 200 · 작업 200 | 작업 lang=en robots=[index, follow] 사이트404문구=+en | 기준 robots=[index, follow]
DIFF  /en?page=2  기준 404 · 작업 200 | 작업 lang=en robots=[index, follow] 사이트404문구=+en | 기준 robots=[noindex + index, follow]
SAME  /en?page=99  기준 404 · 작업 404 | 작업 lang=- robots=[noindex + noindex, follow] 사이트404문구=+en | 기준 robots=[noindex + index, follow]
SAME  /en?page=abc  기준 200 · 작업 200 | 작업 lang=en robots=[index, follow] 사이트404문구=+en | 기준 robots=[index, follow]
SAME  /page/1  기준 404 · 작업 404 | 작업 lang=ko robots=[noindex + noindex, follow] 사이트404문구=ko+en | 기준 robots=[noindex + noindex, follow]
SAME  /page/999  기준 404 · 작업 404 | 작업 lang=ko robots=[noindex + noindex, follow] 사이트404문구=ko+en | 기준 robots=[noindex + noindex, follow]
SAME  /post/no-such  기준 404 · 작업 404 | 작업 lang=ko robots=[noindex + noindex, follow] 사이트404문구=ko+en | 기준 robots=[noindex + noindex, follow]
SAME  /en/post/no-such  기준 404 · 작업 404 | 작업 lang=ko robots=[noindex + noindex, follow] 사이트404문구=ko+en | 기준 robots=[noindex + noindex, follow]
SAME  /en/tag/dmz  기준 404 · 작업 404 | 작업 lang=ko robots=[noindex + noindex, follow] 사이트404문구=ko+en | 기준 robots=[noindex + noindex, follow]
DIFF  /en/page/2  기준 404 · 작업 200 | 작업 lang=en robots=[index, follow] 사이트404문구=+en | 기준 robots=[noindex + noindex, follow]
SAME  /no/such/path  기준 404 · 작업 404 | 작업 lang=ko robots=[noindex + noindex, follow] 사이트404문구=ko+en | 기준 robots=[noindex + noindex, follow]
상태 코드 일치 22/24
