경로 135개 × 폭 7종

폭별 (탭 정지점 · 배너에 완전 가림 · 일부 가림)
  320x640     8735 · 437 · 1201
  360x740     8735 · 118 · 637
  390x844     8735 · 168 · 847
  768x1024    8735 · 0 · 0
  1023x768    8735 · 0 · 18
  1024x768    8735 · 0 · 0
  1280x900    8735 · 0 · 0

완전 가림 예:
  / @320x640 A "#국민동의청원1게시물 1건"
  / @320x640 A "#아시안게임1게시물 1건"
  / @320x640 A "#알파폰1게시물 1건"
  / @360x740 A "#부동산감독원1게시물 1건"
  /page/2 @320x640 A "#국민동의청원1게시물 1건"
  /page/2 @320x640 A "#아시안게임1게시물 1건"
  /page/2 @320x640 A "#알파폰1게시물 1건"
  /page/2 @360x740 A "#부동산감독원1게시물 1건"
  /page/3 @320x640 A "#국민동의청원1게시물 1건"
  /page/3 @320x640 A "#아시안게임1게시물 1건"
  /page/3 @320x640 A "#알파폰1게시물 1건"
  /page/3 @360x740 A "#부동산감독원1게시물 1건"
  /page/4 @320x640 A "#국민동의청원1게시물 1건"
  /page/4 @320x640 A "#아시안게임1게시물 1건"
  /page/4 @320x640 A "#알파폰1게시물 1건"

일부 가림 예:
  / @320x640 A "#구속영장1게시물 1건" 4%
  / @320x640 A "#국가청렴도1게시물 1건" 25%
  / @320x640 A "#국무총리1게시물 1건" 25%
  / @320x640 A "#국민권익위원회1게시물 1건" 41%
  / @320x640 A "#국민의힘1게시물 1건" 7%
  / @320x640 A "#국방1게시물 1건" 41%
  / @320x640 A "#국회의원1게시물 1건" 41%
  / @320x640 A "#군1게시물 1건" 41%
  / @320x640 A "#선관위특검1게시물 1건" 8%
  / @320x640 A "#세비1게시물 1건" 29%
  / @320x640 A "#실업급여1게시물 1건" 29%
  / @320x640 A "#애국가1게시물 1건" 2%
  / @320x640 A "#여론조사1게시물 1건" 41%
  / @320x640 A "#외국인1게시물 1건" 41%
  / @320x640 A "2018년 민주당 개헌 의총 '자유' 삭제 발표, 4시간 만에 "대변인 " 72%

페이지×폭 945건 · 탭 정지점 61,145개 · 배너까지 도달 945/945
배너 — 완전 가림 723 · 일부 가림 2703
(참고·기존 요소) 고정 헤더 — 완전 가림 0 · 일부 가림 0
PASS  모든 페이지×폭에서 Tab 순회가 배너 링크에 도달 — 945/945
FAIL  WCAG 2.4.11 — 배너에 완전히 가려지는 포커스 0 — 723건
INFO  WCAG 2.4.12(AAA) — 배너에 일부 가려지는 포커스 2703건

focus: 실패 1건
EXIT=1
